bp_count	365045672
sequence_count	1011562
average_length	360.873
standard_deviation_length	122.825
length_min	100
length_max	485
average_gc_content	52.233
standard_deviation_gc_content	2.756
average_gc_ratio	0.921
standard_deviation_gc_ratio	0.107
ambig_char_count	1665
ambig_sequence_count	617
average_ambig_chars	0.002
